Flow report for zxnext_Multicore_2
Mon May 25 15:49:23 2020
Quartus Prime Version 17.0.2 Build 602 07/19/2017 SJ Lite Edition


---------------------
; Table of Contents ;
---------------------
  1. Legal Notice
  2. Flow Summary
  3. Flow Settings
  4. Flow Non-Default Global Settings
  5. Flow Elapsed Time
  6. Flow OS Summary
  7. Flow Log
  8. Flow Messages
  9. Flow Suppressed Messages



----------------
; Legal Notice ;
----------------
Copyright (C) 2017  Intel Corporation. All rights reserved.
Your use of Intel Corporation's design tools, logic functions 
and other software and tools, and its AMPP partner logic 
functions, and any output files from any of the foregoing 
(including device programming or simulation files), and any 
associated documentation or information are expressly subject 
to the terms and conditions of the Intel Program License 
Subscription Agreement, the Intel Quartus Prime License Agreement,
the Intel MegaCore Function License Agreement, or other 
applicable license agreement, including, without limitation, 
that your use is for the sole purpose of programming logic 
devices manufactured by Intel and sold by Intel or its 
authorized distributors.  Please refer to the applicable 
agreement for further details.



+----------------------------------------------------------------------------------+
; Flow Summary                                                                     ;
+------------------------------------+---------------------------------------------+
; Flow Status                        ; Successful - Mon May 25 15:49:08 2020       ;
; Quartus Prime Version              ; 17.0.2 Build 602 07/19/2017 SJ Lite Edition ;
; Revision Name                      ; zxnext_Multicore_2                          ;
; Top-level Entity Name              ; ZXNEXT_Multicore_2                          ;
; Family                             ; Cyclone IV E                                ;
; Device                             ; EP4CE22F17C8                                ;
; Timing Models                      ; Final                                       ;
; Total logic elements               ; 13,850 / 22,320 ( 62 % )                    ;
;     Total combinational functions  ; 12,829 / 22,320 ( 57 % )                    ;
;     Dedicated logic registers      ; 5,652 / 22,320 ( 25 % )                     ;
; Total registers                    ; 5668                                        ;
; Total pins                         ; 79 / 154 ( 51 % )                           ;
; Total virtual pins                 ; 0                                           ;
; Total memory bits                  ; 485,583 / 608,256 ( 80 % )                  ;
; Embedded Multiplier 9-bit elements ; 1 / 132 ( < 1 % )                           ;
; Total PLLs                         ; 1 / 4 ( 25 % )                              ;
+------------------------------------+---------------------------------------------+


+-----------------------------------------+
; Flow Settings                           ;
+-------------------+---------------------+
; Option            ; Setting             ;
+-------------------+---------------------+
; Start date & time ; 05/25/2020 15:42:56 ;
; Main task         ; Compilation         ;
; Revision Name     ; zxnext_Multicore_2  ;
+-------------------+---------------------+


+-----------------------------------------------------------------------------------------------------------------------------------+
; Flow Non-Default Global Settings                                                                                                  ;
+-------------------------------------+-------------------------------------------+---------------+--------------------+------------+
; Assignment Name                     ; Value                                     ; Default Value ; Entity Name        ; Section Id ;
+-------------------------------------+-------------------------------------------+---------------+--------------------+------------+
; COMPILER_SIGNATURE_ID               ; 159090360127760.159043937617432           ; --            ; --                 ; --         ;
; MAX_CORE_JUNCTION_TEMP              ; 85                                        ; --            ; --                 ; --         ;
; MIN_CORE_JUNCTION_TEMP              ; 0                                         ; --            ; --                 ; --         ;
; MISC_FILE                           ; clocks_inst.vhd                           ; --            ; --                 ; --         ;
; MISC_FILE                           ; clocks.cmp                                ; --            ; --                 ; --         ;
; MISC_FILE                           ; clocks.ppf                                ; --            ; --                 ; --         ;
; MISC_FILE                           ; clocks2_inst.vhd                          ; --            ; --                 ; --         ;
; MISC_FILE                           ; clocks2.cmp                               ; --            ; --                 ; --         ;
; MISC_FILE                           ; clocks2.ppf                               ; --            ; --                 ; --         ;
; MISC_FILE                           ; ../src/video/hdmi/altera/altddio_out1.ppf ; --            ; --                 ; --         ;
; OUTPUT_IO_TIMING_FAR_END_VMEAS      ; Half Signal Swing                         ; --            ; --                 ; --         ;
; OUTPUT_IO_TIMING_FAR_END_VMEAS      ; Half Signal Swing                         ; --            ; --                 ; --         ;
; OUTPUT_IO_TIMING_NEAR_END_VMEAS     ; Half Vccio                                ; --            ; --                 ; --         ;
; OUTPUT_IO_TIMING_NEAR_END_VMEAS     ; Half Vccio                                ; --            ; --                 ; --         ;
; PARTITION_COLOR                     ; -- (Not supported for targeted family)    ; --            ; ZXNEXT_Multicore_2 ; Top        ;
; PARTITION_FITTER_PRESERVATION_LEVEL ; -- (Not supported for targeted family)    ; --            ; ZXNEXT_Multicore_2 ; Top        ;
; PARTITION_NETLIST_TYPE              ; -- (Not supported for targeted family)    ; --            ; ZXNEXT_Multicore_2 ; Top        ;
; POWER_BOARD_THERMAL_MODEL           ; None (CONSERVATIVE)                       ; --            ; --                 ; --         ;
; POWER_PRESET_COOLING_SOLUTION       ; 23 MM HEAT SINK WITH 200 LFPM AIRFLOW     ; --            ; --                 ; --         ;
; PROJECT_OUTPUT_DIRECTORY            ; output_files                              ; --            ; --                 ; --         ;
+-------------------------------------+-------------------------------------------+---------------+--------------------+------------+


+-------------------------------------------------------------------------------------------------------------------------------+
; Flow Elapsed Time                                                                                                             ;
+---------------------------+--------------+-------------------------+---------------------+------------------------------------+
; Module Name               ; Elapsed Time ; Average Processors Used ; Peak Virtual Memory ; Total CPU Time (on all processors) ;
+---------------------------+--------------+-------------------------+---------------------+------------------------------------+
; Analysis & Synthesis      ; 00:01:29     ; 1.0                     ; 4970 MB             ; 00:01:41                           ;
; Fitter                    ; 00:04:28     ; 1.1                     ; 5687 MB             ; 00:05:38                           ;
; Assembler                 ; 00:00:03     ; 1.0                     ; 4709 MB             ; 00:00:02                           ;
; TimeQuest Timing Analyzer ; 00:00:14     ; 1.5                     ; 4923 MB             ; 00:00:17                           ;
; Total                     ; 00:06:14     ; --                      ; --                  ; 00:07:38                           ;
+---------------------------+--------------+-------------------------+---------------------+------------------------------------+


+-----------------------------------------------------------------------------------------+
; Flow OS Summary                                                                         ;
+---------------------------+------------------+------------+------------+----------------+
; Module Name               ; Machine Hostname ; OS Name    ; OS Version ; Processor type ;
+---------------------------+------------------+------------+------------+----------------+
; Analysis & Synthesis      ; DESKTOP-FTHCSD1  ; Windows 10 ; 10.0       ; x86_64         ;
; Fitter                    ; DESKTOP-FTHCSD1  ; Windows 10 ; 10.0       ; x86_64         ;
; Assembler                 ; DESKTOP-FTHCSD1  ; Windows 10 ; 10.0       ; x86_64         ;
; TimeQuest Timing Analyzer ; DESKTOP-FTHCSD1  ; Windows 10 ; 10.0       ; x86_64         ;
+---------------------------+------------------+------------+------------+----------------+


------------
; Flow Log ;
------------
quartus_map --read_settings_files=on --write_settings_files=off zxnext_Multicore_2 -c zxnext_Multicore_2
quartus_fit --read_settings_files=off --write_settings_files=off zxnext_Multicore_2 -c zxnext_Multicore_2
quartus_asm --read_settings_files=off --write_settings_files=off zxnext_Multicore_2 -c zxnext_Multicore_2
quartus_sta zxnext_Multicore_2 -c zxnext_Multicore_2



